root@master:~/Kubernetes# cat nginx-deployment.yaml
apiVersion: apps/v1
kind: Deployment
metadata:
  name: nginx-deployment
  labels:
    app: nginx
spec:
  replicas: 2
  selector:
    matchLabels:
      app: nginx
  template:
    metadata:
      labels:
        app: nginx
    spec:
      containers:
      - name: nginx
        image: nginx:1.12
        ports:
        - containerPort: 80


root@master:~/Kubernetes# cat nginx-svc.yaml
apiVersion: v1
kind: Service
metadata:
  name: my-service
spec:
  selector:
    app: MyApp
  ports:
    - protocol: TCP
      port: 80
      targetPort: 82
	  
	  
root@master:~/Kubernetes# kubectl create -f nginx-deployment.yaml
deployment.apps/nginx-deployment created


root@master:~/Kubernetes# kubectl create -f nginx-svc.yaml
service/my-service created


root@master:~/Kubernetes# kubectl get svc
NAME         TYPE        CLUSTER-IP      EXTERNAL-IP   PORT(S)   AGE
kubernetes   ClusterIP   10.96.0.1       <none>        443/TCP   45h
my-service   ClusterIP   10.105.23.243   <none>        80/TCP    7s


root@master:~/Kubernetes# kubectl get deployment
NAME               READY   UP-TO-DATE   AVAILABLE   AGE
nginx-deployment   2/2     2            2           25s


root@master:~/Kubernetes# kubectl get all
NAME                                   READY   STATUS    RESTARTS   AGE
pod/nginx-deployment-f77774fc5-b6246   1/1     Running   0          60s
pod/nginx-deployment-f77774fc5-tlmx4   1/1     Running   0          60s

NAME                 TYPE        CLUSTER-IP      EXTERNAL-IP   PORT(S)   AGE
service/kubernetes   ClusterIP   10.96.0.1       <none>        443/TCP   45h
service/my-service   ClusterIP   10.105.23.243   <none>        80/TCP    51s

NAME                               READY   UP-TO-DATE   AVAILABLE   AGE
deployment.apps/nginx-deployment   2/2     2            2           60s

NAME                                         DESIRED   CURRENT   READY   AGE
replicaset.apps/nginx-deployment-f77774fc5   2         2         2       60s



root@master:~/Kubernetes# kubectl describe svc my-service
Name:              my-service
Namespace:         default
Labels:            <none>
Annotations:       <none>
Selector:          app=MyApp
Type:              ClusterIP
IP Family Policy:  SingleStack
IP Families:       IPv4
IP:                10.105.23.243
IPs:               10.105.23.243
Port:              <unset>  80/TCP
TargetPort:        82/TCP
Endpoints:         <none>
Session Affinity:  None
Events:            <none>



root@master:~/Kubernetes# kubectl describe deployment nginx-deployment
Name:                   nginx-deployment
Namespace:              default
CreationTimestamp:      Mon, 03 May 2021 09:00:55 +0000
Labels:                 app=nginx
Annotations:            deployment.kubernetes.io/revision: 1
Selector:               app=nginx
Replicas:               2 desired | 2 updated | 2 total | 2 available | 0 unavailable
StrategyType:           RollingUpdate
MinReadySeconds:        0
RollingUpdateStrategy:  25% max unavailable, 25% max surge
Pod Template:
  Labels:  app=nginx
  Containers:
   nginx:
    Image:        nginx:1.12
    Port:         80/TCP
    Host Port:    0/TCP
    Environment:  <none>
    Mounts:       <none>
  Volumes:        <none>
Conditions:
  Type           Status  Reason
  ----           ------  ------
  Available      True    MinimumReplicasAvailable
  Progressing    True    NewReplicaSetAvailable
OldReplicaSets:  <none>
NewReplicaSet:   nginx-deployment-f77774fc5 (2/2 replicas created)
Events:
  Type    Reason             Age   From                   Message
  ----    ------             ----  ----                   -------
  Normal  ScalingReplicaSet  3m6s  deployment-controller  Scaled up replica set nginx-deployment-f77774fc5 to 2
  
  

root@master:~/Kubernetes# vi nginx-svc.yaml


root@master:~/Kubernetes# kubectl apply -f nginx-svc.yaml
Warning: resource services/my-service is missing the kubectl.kubernetes.io/last-applied-configuration annotation which is required by kubectl apply. kubectl apply should only be used on resources created declaratively by either kubectl create --save-config or kubectl apply. The missing annotation will be patched automatically.
service/my-service configured


root@master:~/Kubernetes# kubectl describe svc my-service
Name:              my-service
Namespace:         default
Labels:            <none>
Annotations:       <none>
Selector:          app=nginx
Type:              ClusterIP
IP Family Policy:  SingleStack
IP Families:       IPv4
IP:                10.105.23.243
IPs:               10.105.23.243
Port:              <unset>  80/TCP
TargetPort:        82/TCP
Endpoints:         10.38.0.1:82,10.38.0.2:82
Session Affinity:  None
Events:            <none>



root@master:~/Kubernetes# curl 10.105.23.243:80
curl: (7) Failed to connect to 10.105.23.243 port 80: Connection refused


root@master:~/Kubernetes# vi nginx-svc.yaml

root@master:~/Kubernetes# kubectl apply -f nginx-svc.yaml
service/my-service configured


root@master:~/Kubernetes# kubectl describe svc my-service
Name:              my-service
Namespace:         default
Labels:            <none>
Annotations:       <none>
Selector:          app=nginx
Type:              ClusterIP
IP Family Policy:  SingleStack
IP Families:       IPv4
IP:                10.105.23.243
IPs:               10.105.23.243
Port:              <unset>  80/TCP
TargetPort:        80/TCP
Endpoints:         10.38.0.1:80,10.38.0.2:80
Session Affinity:  None
Events:            <none>


root@master:~/Kubernetes# curl 10.105.23.243:80
<!DOCTYPE html>
<html>
<head>
<title>Welcome to nginx!</title>
<style>
    body {
        width: 35em;
        margin: 0 auto;
        font-family: Tahoma, Verdana, Arial, sans-serif;
    }
</style>
</head>
<body>
<h1>Welcome to nginx!</h1>
<p>If you see this page, the nginx web server is successfully installed and
working. Further configuration is required.</p>

<p>For online documentation and support please refer to
<a href="http://nginx.org/">nginx.org</a>.<br/>
Commercial support is available at
<a href="http://nginx.com/">nginx.com</a>.</p>

<p><em>Thank you for using nginx.</em></p>
</body>
</html>
